// Jest Snapshot v1, https://goo.gl/fbAQLP

exports[`List tests basic tests matches the snapshot 1`] = `
<div
  className="sc-bdVaJa cPtrKb"
  id="list"
  onKeyUp={[Function]}
  tabIndex={0}
>
  <div
    className="sc-ifAKCX gjcbpH"
  >
    <button
      className="sc-gzVnrw DOGNq"
    >
      <svg
        aria-hidden="true"
        className="sc-kTUwUJ llMgdW"
        focusable="false"
        viewBox="0 0 32 32"
      >
        <path
          d="M16 3a13 13 0 1 0 13 13A13 13 0 0 0 16 3zm0 24a11 11 0 1 1 11-11 11 11 0 0 1-11 11z"
        />
        <path
          d="M20.71 11.29a1 1 0 0 0-1.42 0L16 14.59l-3.29-3.3a1 1 0 0 0-1.42 1.42l3.3 3.29-3.3 3.29a1 1 0 0 0 0 1.42 1 1 0 0 0 1.42 0l3.29-3.3 3.29 3.3a1 1 0 0 0 1.42 0 1 1 0 0 0 0-1.42L17.41 16l3.3-3.29a1 1 0 0 0 0-1.42z"
        />
      </svg>
    </button>
    <div
      className="sc-EHOje drmjpy"
    >
      <div
        className="sc-cSHVUG bcYIeX"
      />
    </div>
    <div
      className="sc-bwzfXH lgwggE"
    >
      <div
        className="sc-htpNat kXxyDz"
      >
        <div
          className="sc-htoDjs gpTQSX"
        >
          <div
            className="sc-iwsKbI jUCsVZ"
          >
            <div
              className="sc-dnqmqq kvZcVv"
            >
              
            </div>
          </div>
        </div>
        <div
          className="sc-gZMcBi irNVbA"
        >
          <div
            className="sc-kpOJdX diyJPr"
          />
          <div
            className="sc-gqjmRU gNGOCO"
          >
            MISSING: welcome
          </div>
          <div
            className="sc-VigVT jeQZpZ"
          >
            <p>
              MISSING: rewardsBannerMonthlyText1
            </p>
            <p>
              MISSING: rewardsBannerMonthlyText2
            </p>
          </div>
        </div>
      </div>
      <div
        className="sc-bxivhb eDJoPI"
      >
        <div
          className="sc-jTzLTM hHHsqS"
        >
          MISSING: walletBalance
           
          <span
            className="sc-fjdhpX eQHpIT"
          >
             BAT
          </span>
        </div>
        <div
          className="sc-hSdWYo lnnIVE"
          disabled={false}
        >
          <div
            className="sc-eHgmQL kLHTGM"
          >
            <div
              className="sc-cvbbAY cDYaHU"
            >
              MISSING: donationAmount
            </div>
            <div
              className="sc-gipzik hBpvWo"
            />
          </div>
          <div
            className="sc-jWBwVP gNWmzu"
            data-test-id="send-tip-button"
            onClick={[Function]}
          >
            <div
              className="sc-jAaTju hYGbTI"
            >
              <button
                className="sc-brqgnP hiDoSh"
              >
                <span
                  className="sc-jDwBTQ SPMG"
                  disabled={false}
                >
                  <svg
                    aria-hidden="true"
                    className="sc-hXRMBi lmcLaY"
                    focusable="false"
                    viewBox="0 0 32 32"
                  >
                    <path
                      d="M29 4v-.07a1 1 0 0 0 0-.24.42.42 0 0 0 0-.1.84.84 0 0 0-.18-.28.84.84 0 0 0-.29-.2h-.1a1 1 0 0 0-.37-.11H28a.87.87 0 0 0-.28.05h-.07L3.6 13.66a1 1 0 0 0-.12 1.77l8.17 4.94 5.14 8.16a1 1 0 0 0 .84.47h.08a1 1 0 0 0 .84-.6l10.37-24A1 1 0 0 0 29 4zm-5.47 3L12.21 18.38l-6.05-3.67zm-6.06 18.86l-3.83-6.08L25 8.41z"
                    />
                  </svg>
                </span>
                MISSING: sendDonation
              </button>
            </div>
          </div>
        </div>
      </div>
    </div>
  </div>
</div>
`;
