// Jest Snapshot v1, https://goo.gl/fbAQLP

exports[`ModalContribute tests basic tests matches the snapshot 1`] = `
<div
  className="sc-hjRWVT cKRpjy"
  id="modal"
  onClick={[Function]}
>
  <div
    className="sc-iybRtq biQMQZ"
    size="small"
  >
    <div
      className="sc-iQtOjA fiRMpu"
    >
      <svg
        aria-hidden="true"
        className="sc-gisBJw hMoqWV"
        focusable="false"
        viewBox="0 0 32 32"
      >
        <path
          d="M16 3a13 13 0 1 0 13 13A13 13 0 0 0 16 3zm0 24a11 11 0 1 1 11-11 11 11 0 0 1-11 11z"
        />
        <path
          d="M20.71 11.29a1 1 0 0 0-1.42 0L16 14.59l-3.29-3.3a1 1 0 0 0-1.42 1.42l3.3 3.29-3.3 3.29a1 1 0 0 0 0 1.42 1 1 0 0 0 1.42 0l3.29-3.3 3.29 3.3a1 1 0 0 0 1.42 0 1 1 0 0 0 0-1.42L17.41 16l3.3-3.29a1 1 0 0 0 0-1.42z"
        />
      </svg>
    </div>
    <div
      className="sc-fHxwqH jHeRKY"
    >
      <div
        className="sc-bdVaJa bJpVkp"
      >
        <div
          className="sc-EHOje gsLpAZ"
        >
          <div
            className="sc-bwzfXH jhStld"
          >
            MISSING: rewardsContribute
          </div>
          <div
            className="sc-ifAKCX csScrx"
          >
            <div
              className="sc-hQfrgq gXAbeQ"
            >
              <div
                className="sc-OnmeF jaMrq"
              >
                <div
                  className="sc-fxMfqs eDhLNa"
                >
                  <div
                    className="sc-eIvgmF kJERBf"
                    onClick={[Function]}
                  >
                    <div
                      className="sc-bkypNX bSEQTJ"
                      selected={true}
                      type="contribute"
                    >
                      MISSING: supportedSites (0)
                    </div>
                  </div>
                  <div
                    className="sc-eIvgmF eQocgp"
                    onClick={[Function]}
                  >
                    <div
                      className="sc-bkypNX kJDTYO"
                      selected={false}
                      type="contribute"
                    >
                      MISSING: excludedSites (0)
                    </div>
                  </div>
                </div>
                <div
                  className="sc-rzOft befsNG"
                />
              </div>
            </div>
          </div>
        </div>
        <div
          className="sc-htpNat btvFfC"
        >
          MISSING: rewardsExcludedText1
           
          <span
            className="sc-bxivhb emZtCS"
          >
            0
          </span>
           
          MISSING: rewardsExcludedText2
        </div>
        <div>
          <div>
            <table
              className="sc-iYUSvU fhaXCl"
            >
              <thead>
                <tr>
                  <th
                    className="sc-cHSUfg ieJtXP"
                  >
                    <div>
                      MISSING: site
                    </div>
                  </th>
                  <th
                    className="sc-cHSUfg ieJtXP"
                  >
                    <div
                      className="sc-bJTOcE bnlUvl sc-geAPOV wuHfQ"
                    >
                      
                    </div>
                  </th>
                </tr>
              </thead>
            </table>
            <div
              className="sc-sdtwF jgELHO"
            />
          </div>
        </div>
      </div>
    </div>
  </div>
</div>
`;
